// Jest Snapshot v1, https://goo.gl/fbAQLP

exports[`<Register/> should render without crashing 1`] = `
ShallowWrapper {
  Symbol(enzyme.__root__): [Circular],
  Symbol(enzyme.__unrendered__): <Register
    registerUser={[MockFunction]}
  />,
  Symbol(enzyme.__renderer__): Object {
    "batchedUpdates": [Function],
    "checkPropTypes": [Function],
    "getNode": [Function],
    "render": [Function],
    "simulateError": [Function],
    "simulateEvent": [Function],
    "unmount": [Function],
  },
  Symbol(enzyme.__node__): Object {
    "instance": null,
    "key": undefined,
    "nodeType": "host",
    "props": Object {
      "children": <div
        className="container"
        id="registration-container"
      >
        <div
          className="row"
        >
          <div
            className="header"
          >
            <h1>
              Please signup with fast food fast
            </h1>
            <form
              className="form"
              noValidate={true}
              onSubmit={[Function]}
            >
              <div
                className="form-group"
              >
                <input
                  className="form-control form-control-lg"
                  name="user_name"
                  onChange={[Function]}
                  placeholder="Username"
                  type="text"
                  value=""
                />
              </div>
              <div
                className="form-group"
              >
                <input
                  className="form-control form-control-lg"
                  name="email"
                  onChange={[Function]}
                  placeholder="email Address"
                  type="email"
                  value=""
                />
              </div>
              <div
                className="form-group"
              >
                <input
                  className="form-control form-control-lg"
                  name="password"
                  onChange={[Function]}
                  placeholder="Password"
                  type="password"
                  value=""
                />
              </div>
              <input
                className="btn btn-primary btn-block mt-4 zeus-color"
                type="submit"
              />
            </form>
          </div>
        </div>
      </div>,
      "className": "flex-grow-1",
      "id": "register",
    },
    "ref": null,
    "rendered": Object {
      "instance": null,
      "key": undefined,
      "nodeType": "host",
      "props": Object {
        "children": <div
          className="row"
        >
          <div
            className="header"
          >
            <h1>
              Please signup with fast food fast
            </h1>
            <form
              className="form"
              noValidate={true}
              onSubmit={[Function]}
            >
              <div
                className="form-group"
              >
                <input
                  className="form-control form-control-lg"
                  name="user_name"
                  onChange={[Function]}
                  placeholder="Username"
                  type="text"
                  value=""
                />
              </div>
              <div
                className="form-group"
              >
                <input
                  className="form-control form-control-lg"
                  name="email"
                  onChange={[Function]}
                  placeholder="email Address"
                  type="email"
                  value=""
                />
              </div>
              <div
                className="form-group"
              >
                <input
                  className="form-control form-control-lg"
                  name="password"
                  onChange={[Function]}
                  placeholder="Password"
                  type="password"
                  value=""
                />
              </div>
              <input
                className="btn btn-primary btn-block mt-4 zeus-color"
                type="submit"
              />
            </form>
          </div>
        </div>,
        "className": "container",
        "id": "registration-container",
      },
      "ref": null,
      "rendered": Object {
        "instance": null,
        "key": undefined,
        "nodeType": "host",
        "props": Object {
          "children": <div
            className="header"
          >
            <h1>
              Please signup with fast food fast
            </h1>
            <form
              className="form"
              noValidate={true}
              onSubmit={[Function]}
            >
              <div
                className="form-group"
              >
                <input
                  className="form-control form-control-lg"
                  name="user_name"
                  onChange={[Function]}
                  placeholder="Username"
                  type="text"
                  value=""
                />
              </div>
              <div
                className="form-group"
              >
                <input
                  className="form-control form-control-lg"
                  name="email"
                  onChange={[Function]}
                  placeholder="email Address"
                  type="email"
                  value=""
                />
              </div>
              <div
                className="form-group"
              >
                <input
                  className="form-control form-control-lg"
                  name="password"
                  onChange={[Function]}
                  placeholder="Password"
                  type="password"
                  value=""
                />
              </div>
              <input
                className="btn btn-primary btn-block mt-4 zeus-color"
                type="submit"
              />
            </form>
          </div>,
          "className": "row",
        },
        "ref": null,
        "rendered": Object {
          "instance": null,
          "key": undefined,
          "nodeType": "host",
          "props": Object {
            "children": Array [
              <h1>
                Please signup with fast food fast
              </h1>,
              <form
                className="form"
                noValidate={true}
                onSubmit={[Function]}
              >
                <div
                  className="form-group"
                >
                  <input
                    className="form-control form-control-lg"
                    name="user_name"
                    onChange={[Function]}
                    placeholder="Username"
                    type="text"
                    value=""
                  />
                </div>
                <div
                  className="form-group"
                >
                  <input
                    className="form-control form-control-lg"
                    name="email"
                    onChange={[Function]}
                    placeholder="email Address"
                    type="email"
                    value=""
                  />
                </div>
                <div
                  className="form-group"
                >
                  <input
                    className="form-control form-control-lg"
                    name="password"
                    onChange={[Function]}
                    placeholder="Password"
                    type="password"
                    value=""
                  />
                </div>
                <input
                  className="btn btn-primary btn-block mt-4 zeus-color"
                  type="submit"
                />
              </form>,
            ],
            "className": "header",
          },
          "ref": null,
          "rendered": Array [
            Object {
              "instance": null,
              "key": undefined,
              "nodeType": "host",
              "props": Object {
                "children": "Please signup with fast food fast",
              },
              "ref": null,
              "rendered": "Please signup with fast food fast",
              "type": "h1",
            },
            Object {
              "instance": null,
              "key": undefined,
              "nodeType": "host",
              "props": Object {
                "children": Array [
                  <div
                    className="form-group"
                  >
                    <input
                      className="form-control form-control-lg"
                      name="user_name"
                      onChange={[Function]}
                      placeholder="Username"
                      type="text"
                      value=""
                    />
                  </div>,
                  <div
                    className="form-group"
                  >
                    <input
                      className="form-control form-control-lg"
                      name="email"
                      onChange={[Function]}
                      placeholder="email Address"
                      type="email"
                      value=""
                    />
                  </div>,
                  <div
                    className="form-group"
                  >
                    <input
                      className="form-control form-control-lg"
                      name="password"
                      onChange={[Function]}
                      placeholder="Password"
                      type="password"
                      value=""
                    />
                  </div>,
                  <input
                    className="btn btn-primary btn-block mt-4 zeus-color"
                    type="submit"
                  />,
                ],
                "className": "form",
                "noValidate": true,
                "onSubmit": [Function],
              },
              "ref": null,
              "rendered": Array [
                Object {
                  "instance": null,
                  "key": undefined,
                  "nodeType": "host",
                  "props": Object {
                    "children": Array [
                      <input
                        className="form-control form-control-lg"
                        name="user_name"
                        onChange={[Function]}
                        placeholder="Username"
                        type="text"
                        value=""
                      />,
                      undefined,
                    ],
                    "className": "form-group",
                  },
                  "ref": null,
                  "rendered": Array [
                    Object {
                      "instance": null,
                      "key": undefined,
                      "nodeType": "host",
                      "props": Object {
                        "className": "form-control form-control-lg",
                        "name": "user_name",
                        "onChange": [Function],
                        "placeholder": "Username",
                        "type": "text",
                        "value": "",
                      },
                      "ref": null,
                      "rendered": null,
                      "type": "input",
                    },
                    undefined,
                  ],
                  "type": "div",
                },
                Object {
                  "instance": null,
                  "key": undefined,
                  "nodeType": "host",
                  "props": Object {
                    "children": Array [
                      <input
                        className="form-control form-control-lg"
                        name="email"
                        onChange={[Function]}
                        placeholder="email Address"
                        type="email"
                        value=""
                      />,
                      undefined,
                    ],
                    "className": "form-group",
                  },
                  "ref": null,
                  "rendered": Array [
                    Object {
                      "instance": null,
                      "key": undefined,
                      "nodeType": "host",
                      "props": Object {
                        "className": "form-control form-control-lg",
                        "name": "email",
                        "onChange": [Function],
                        "placeholder": "email Address",
                        "type": "email",
                        "value": "",
                      },
                      "ref": null,
                      "rendered": null,
                      "type": "input",
                    },
                    undefined,
                  ],
                  "type": "div",
                },
                Object {
                  "instance": null,
                  "key": undefined,
                  "nodeType": "host",
                  "props": Object {
                    "children": Array [
                      <input
                        className="form-control form-control-lg"
                        name="password"
                        onChange={[Function]}
                        placeholder="Password"
                        type="password"
                        value=""
                      />,
                      undefined,
                    ],
                    "className": "form-group",
                  },
                  "ref": null,
                  "rendered": Array [
                    Object {
                      "instance": null,
                      "key": undefined,
                      "nodeType": "host",
                      "props": Object {
                        "className": "form-control form-control-lg",
                        "name": "password",
                        "onChange": [Function],
                        "placeholder": "Password",
                        "type": "password",
                        "value": "",
                      },
                      "ref": null,
                      "rendered": null,
                      "type": "input",
                    },
                    undefined,
                  ],
                  "type": "div",
                },
                Object {
                  "instance": null,
                  "key": undefined,
                  "nodeType": "host",
                  "props": Object {
                    "className": "btn btn-primary btn-block mt-4 zeus-color",
                    "type": "submit",
                  },
                  "ref": null,
                  "rendered": null,
                  "type": "input",
                },
              ],
              "type": "form",
            },
          ],
          "type": "div",
        },
        "type": "div",
      },
      "type": "div",
    },
    "type": "section",
  },
  Symbol(enzyme.__nodes__): Array [
    Object {
      "instance": null,
      "key": undefined,
      "nodeType": "host",
      "props": Object {
        "children": <div
          className="container"
          id="registration-container"
        >
          <div
            className="row"
          >
            <div
              className="header"
            >
              <h1>
                Please signup with fast food fast
              </h1>
              <form
                className="form"
                noValidate={true}
                onSubmit={[Function]}
              >
                <div
                  className="form-group"
                >
                  <input
                    className="form-control form-control-lg"
                    name="user_name"
                    onChange={[Function]}
                    placeholder="Username"
                    type="text"
                    value=""
                  />
                </div>
                <div
                  className="form-group"
                >
                  <input
                    className="form-control form-control-lg"
                    name="email"
                    onChange={[Function]}
                    placeholder="email Address"
                    type="email"
                    value=""
                  />
                </div>
                <div
                  className="form-group"
                >
                  <input
                    className="form-control form-control-lg"
                    name="password"
                    onChange={[Function]}
                    placeholder="Password"
                    type="password"
                    value=""
                  />
                </div>
                <input
                  className="btn btn-primary btn-block mt-4 zeus-color"
                  type="submit"
                />
              </form>
            </div>
          </div>
        </div>,
        "className": "flex-grow-1",
        "id": "register",
      },
      "ref": null,
      "rendered": Object {
        "instance": null,
        "key": undefined,
        "nodeType": "host",
        "props": Object {
          "children": <div
            className="row"
          >
            <div
              className="header"
            >
              <h1>
                Please signup with fast food fast
              </h1>
              <form
                className="form"
                noValidate={true}
                onSubmit={[Function]}
              >
                <div
                  className="form-group"
                >
                  <input
                    className="form-control form-control-lg"
                    name="user_name"
                    onChange={[Function]}
                    placeholder="Username"
                    type="text"
                    value=""
                  />
                </div>
                <div
                  className="form-group"
                >
                  <input
                    className="form-control form-control-lg"
                    name="email"
                    onChange={[Function]}
                    placeholder="email Address"
                    type="email"
                    value=""
                  />
                </div>
                <div
                  className="form-group"
                >
                  <input
                    className="form-control form-control-lg"
                    name="password"
                    onChange={[Function]}
                    placeholder="Password"
                    type="password"
                    value=""
                  />
                </div>
                <input
                  className="btn btn-primary btn-block mt-4 zeus-color"
                  type="submit"
                />
              </form>
            </div>
          </div>,
          "className": "container",
          "id": "registration-container",
        },
        "ref": null,
        "rendered": Object {
          "instance": null,
          "key": undefined,
          "nodeType": "host",
          "props": Object {
            "children": <div
              className="header"
            >
              <h1>
                Please signup with fast food fast
              </h1>
              <form
                className="form"
                noValidate={true}
                onSubmit={[Function]}
              >
                <div
                  className="form-group"
                >
                  <input
                    className="form-control form-control-lg"
                    name="user_name"
                    onChange={[Function]}
                    placeholder="Username"
                    type="text"
                    value=""
                  />
                </div>
                <div
                  className="form-group"
                >
                  <input
                    className="form-control form-control-lg"
                    name="email"
                    onChange={[Function]}
                    placeholder="email Address"
                    type="email"
                    value=""
                  />
                </div>
                <div
                  className="form-group"
                >
                  <input
                    className="form-control form-control-lg"
                    name="password"
                    onChange={[Function]}
                    placeholder="Password"
                    type="password"
                    value=""
                  />
                </div>
                <input
                  className="btn btn-primary btn-block mt-4 zeus-color"
                  type="submit"
                />
              </form>
            </div>,
            "className": "row",
          },
          "ref": null,
          "rendered": Object {
            "instance": null,
            "key": undefined,
            "nodeType": "host",
            "props": Object {
              "children": Array [
                <h1>
                  Please signup with fast food fast
                </h1>,
                <form
                  className="form"
                  noValidate={true}
                  onSubmit={[Function]}
                >
                  <div
                    className="form-group"
                  >
                    <input
                      className="form-control form-control-lg"
                      name="user_name"
                      onChange={[Function]}
                      placeholder="Username"
                      type="text"
                      value=""
                    />
                  </div>
                  <div
                    className="form-group"
                  >
                    <input
                      className="form-control form-control-lg"
                      name="email"
                      onChange={[Function]}
                      placeholder="email Address"
                      type="email"
                      value=""
                    />
                  </div>
                  <div
                    className="form-group"
                  >
                    <input
                      className="form-control form-control-lg"
                      name="password"
                      onChange={[Function]}
                      placeholder="Password"
                      type="password"
                      value=""
                    />
                  </div>
                  <input
                    className="btn btn-primary btn-block mt-4 zeus-color"
                    type="submit"
                  />
                </form>,
              ],
              "className": "header",
            },
            "ref": null,
            "rendered": Array [
              Object {
                "instance": null,
                "key": undefined,
                "nodeType": "host",
                "props": Object {
                  "children": "Please signup with fast food fast",
                },
                "ref": null,
                "rendered": "Please signup with fast food fast",
                "type": "h1",
              },
              Object {
                "instance": null,
                "key": undefined,
                "nodeType": "host",
                "props": Object {
                  "children": Array [
                    <div
                      className="form-group"
                    >
                      <input
                        className="form-control form-control-lg"
                        name="user_name"
                        onChange={[Function]}
                        placeholder="Username"
                        type="text"
                        value=""
                      />
                    </div>,
                    <div
                      className="form-group"
                    >
                      <input
                        className="form-control form-control-lg"
                        name="email"
                        onChange={[Function]}
                        placeholder="email Address"
                        type="email"
                        value=""
                      />
                    </div>,
                    <div
                      className="form-group"
                    >
                      <input
                        className="form-control form-control-lg"
                        name="password"
                        onChange={[Function]}
                        placeholder="Password"
                        type="password"
                        value=""
                      />
                    </div>,
                    <input
                      className="btn btn-primary btn-block mt-4 zeus-color"
                      type="submit"
                    />,
                  ],
                  "className": "form",
                  "noValidate": true,
                  "onSubmit": [Function],
                },
                "ref": null,
                "rendered": Array [
                  Object {
                    "instance": null,
                    "key": undefined,
                    "nodeType": "host",
                    "props": Object {
                      "children": Array [
                        <input
                          className="form-control form-control-lg"
                          name="user_name"
                          onChange={[Function]}
                          placeholder="Username"
                          type="text"
                          value=""
                        />,
                        undefined,
                      ],
                      "className": "form-group",
                    },
                    "ref": null,
                    "rendered": Array [
                      Object {
                        "instance": null,
                        "key": undefined,
                        "nodeType": "host",
                        "props": Object {
                          "className": "form-control form-control-lg",
                          "name": "user_name",
                          "onChange": [Function],
                          "placeholder": "Username",
                          "type": "text",
                          "value": "",
                        },
                        "ref": null,
                        "rendered": null,
                        "type": "input",
                      },
                      undefined,
                    ],
                    "type": "div",
                  },
                  Object {
                    "instance": null,
                    "key": undefined,
                    "nodeType": "host",
                    "props": Object {
                      "children": Array [
                        <input
                          className="form-control form-control-lg"
                          name="email"
                          onChange={[Function]}
                          placeholder="email Address"
                          type="email"
                          value=""
                        />,
                        undefined,
                      ],
                      "className": "form-group",
                    },
                    "ref": null,
                    "rendered": Array [
                      Object {
                        "instance": null,
                        "key": undefined,
                        "nodeType": "host",
                        "props": Object {
                          "className": "form-control form-control-lg",
                          "name": "email",
                          "onChange": [Function],
                          "placeholder": "email Address",
                          "type": "email",
                          "value": "",
                        },
                        "ref": null,
                        "rendered": null,
                        "type": "input",
                      },
                      undefined,
                    ],
                    "type": "div",
                  },
                  Object {
                    "instance": null,
                    "key": undefined,
                    "nodeType": "host",
                    "props": Object {
                      "children": Array [
                        <input
                          className="form-control form-control-lg"
                          name="password"
                          onChange={[Function]}
                          placeholder="Password"
                          type="password"
                          value=""
                        />,
                        undefined,
                      ],
                      "className": "form-group",
                    },
                    "ref": null,
                    "rendered": Array [
                      Object {
                        "instance": null,
                        "key": undefined,
                        "nodeType": "host",
                        "props": Object {
                          "className": "form-control form-control-lg",
                          "name": "password",
                          "onChange": [Function],
                          "placeholder": "Password",
                          "type": "password",
                          "value": "",
                        },
                        "ref": null,
                        "rendered": null,
                        "type": "input",
                      },
                      undefined,
                    ],
                    "type": "div",
                  },
                  Object {
                    "instance": null,
                    "key": undefined,
                    "nodeType": "host",
                    "props": Object {
                      "className": "btn btn-primary btn-block mt-4 zeus-color",
                      "type": "submit",
                    },
                    "ref": null,
                    "rendered": null,
                    "type": "input",
                  },
                ],
                "type": "form",
              },
            ],
            "type": "div",
          },
          "type": "div",
        },
        "type": "div",
      },
      "type": "section",
    },
  ],
  Symbol(enzyme.__options__): Object {
    "adapter": ReactSixteenAdapter {
      "options": Object {
        "enableComponentDidUpdateOnSetState": true,
        "legacyContextMode": "parent",
        "lifecycles": Object {
          "componentDidUpdate": Object {
            "onSetState": true,
          },
          "getChildContext": Object {
            "calledByRenderer": false,
          },
          "getDerivedStateFromProps": true,
          "getSnapshotBeforeUpdate": true,
          "setState": Object {
            "skipsComponentDidUpdateOnNullish": true,
          },
        },
      },
    },
  },
}
`;
